// Jest Snapshot v1, https://goo.gl/fbAQLP

exports[`BidButton render 1`] = `
<Button
  as="button"
  className="bid-button"
  color="green"
  disabled={false}
  onClick={[Function]}
  size="small"
>
  Pass
</Button>
`;

exports[`BidButton render 2`] = `
<Button
  as="button"
  className="bid-button"
  color="red"
  disabled={true}
  onClick={[Function]}
  size="small"
>
  X
</Button>
`;

exports[`BidButton render 3`] = `
<Button
  as="button"
  className="bid-button"
  color="blue"
  disabled={false}
  onClick={[Function]}
  size="small"
>
  XX
</Button>
`;

exports[`BidButton render 4`] = `
<Button
  as="button"
  className="bid-button"
  color="green"
  disabled={true}
  onClick={[Function]}
  size="small"
>
  1 ♣
</Button>
`;

exports[`BidButton render 5`] = `
<Button
  as="button"
  className="bid-button"
  color="orange"
  disabled={false}
  onClick={[Function]}
  size="small"
>
  2 ♦
</Button>
`;

exports[`BidButton render 6`] = `
<Button
  as="button"
  className="bid-button"
  color="red"
  disabled={true}
  onClick={[Function]}
  size="small"
>
  3 ♥
</Button>
`;

exports[`BidButton render 7`] = `
<Button
  as="button"
  className="bid-button"
  color="blue"
  disabled={false}
  onClick={[Function]}
  size="small"
>
  5 ♠
</Button>
`;

exports[`BidButton render 8`] = `
<Button
  as="button"
  className="bid-button"
  color="black"
  disabled={true}
  onClick={[Function]}
  size="small"
>
  7 N
</Button>
`;

exports[`BidButtonBlock render 1`] = `
<div
  className="bid-button-block"
>
  <div
    className="bid-button-row standard-suit-bid-button-row"
    key="1"
  >
    <BidButton
      handleBidButtonClick={[Function]}
      isDisabled={false}
      key="CLUBS"
      level={1}
      suit="CLUBS"
    />
    <BidButton
      handleBidButtonClick={[Function]}
      isDisabled={false}
      key="DIAMONDS"
      level={1}
      suit="DIAMONDS"
    />
    <BidButton
      handleBidButtonClick={[Function]}
      isDisabled={false}
      key="HEARTS"
      level={1}
      suit="HEARTS"
    />
    <BidButton
      handleBidButtonClick={[Function]}
      isDisabled={false}
      key="SPADES"
      level={1}
      suit="SPADES"
    />
    <BidButton
      handleBidButtonClick={[Function]}
      isDisabled={false}
      key="NOTRUMPS"
      level={1}
      suit="NOTRUMPS"
    />
  </div>
  <div
    className="bid-button-row standard-suit-bid-button-row"
    key="2"
  >
    <BidButton
      handleBidButtonClick={[Function]}
      isDisabled={false}
      key="CLUBS"
      level={2}
      suit="CLUBS"
    />
    <BidButton
      handleBidButtonClick={[Function]}
      isDisabled={false}
      key="DIAMONDS"
      level={2}
      suit="DIAMONDS"
    />
    <BidButton
      handleBidButtonClick={[Function]}
      isDisabled={false}
      key="HEARTS"
      level={2}
      suit="HEARTS"
    />
    <BidButton
      handleBidButtonClick={[Function]}
      isDisabled={false}
      key="SPADES"
      level={2}
      suit="SPADES"
    />
    <BidButton
      handleBidButtonClick={[Function]}
      isDisabled={false}
      key="NOTRUMPS"
      level={2}
      suit="NOTRUMPS"
    />
  </div>
  <div
    className="bid-button-row standard-suit-bid-button-row"
    key="3"
  >
    <BidButton
      handleBidButtonClick={[Function]}
      isDisabled={false}
      key="CLUBS"
      level={3}
      suit="CLUBS"
    />
    <BidButton
      handleBidButtonClick={[Function]}
      isDisabled={false}
      key="DIAMONDS"
      level={3}
      suit="DIAMONDS"
    />
    <BidButton
      handleBidButtonClick={[Function]}
      isDisabled={false}
      key="HEARTS"
      level={3}
      suit="HEARTS"
    />
    <BidButton
      handleBidButtonClick={[Function]}
      isDisabled={false}
      key="SPADES"
      level={3}
      suit="SPADES"
    />
    <BidButton
      handleBidButtonClick={[Function]}
      isDisabled={false}
      key="NOTRUMPS"
      level={3}
      suit="NOTRUMPS"
    />
  </div>
  <div
    className="bid-button-row standard-suit-bid-button-row"
    key="4"
  >
    <BidButton
      handleBidButtonClick={[Function]}
      isDisabled={false}
      key="CLUBS"
      level={4}
      suit="CLUBS"
    />
    <BidButton
      handleBidButtonClick={[Function]}
      isDisabled={false}
      key="DIAMONDS"
      level={4}
      suit="DIAMONDS"
    />
    <BidButton
      handleBidButtonClick={[Function]}
      isDisabled={false}
      key="HEARTS"
      level={4}
      suit="HEARTS"
    />
    <BidButton
      handleBidButtonClick={[Function]}
      isDisabled={false}
      key="SPADES"
      level={4}
      suit="SPADES"
    />
    <BidButton
      handleBidButtonClick={[Function]}
      isDisabled={false}
      key="NOTRUMPS"
      level={4}
      suit="NOTRUMPS"
    />
  </div>
  <div
    className="bid-button-row standard-suit-bid-button-row"
    key="5"
  >
    <BidButton
      handleBidButtonClick={[Function]}
      isDisabled={false}
      key="CLUBS"
      level={5}
      suit="CLUBS"
    />
    <BidButton
      handleBidButtonClick={[Function]}
      isDisabled={false}
      key="DIAMONDS"
      level={5}
      suit="DIAMONDS"
    />
    <BidButton
      handleBidButtonClick={[Function]}
      isDisabled={false}
      key="HEARTS"
      level={5}
      suit="HEARTS"
    />
    <BidButton
      handleBidButtonClick={[Function]}
      isDisabled={false}
      key="SPADES"
      level={5}
      suit="SPADES"
    />
    <BidButton
      handleBidButtonClick={[Function]}
      isDisabled={false}
      key="NOTRUMPS"
      level={5}
      suit="NOTRUMPS"
    />
  </div>
  <div
    className="bid-button-row standard-suit-bid-button-row"
    key="6"
  >
    <BidButton
      handleBidButtonClick={[Function]}
      isDisabled={false}
      key="CLUBS"
      level={6}
      suit="CLUBS"
    />
    <BidButton
      handleBidButtonClick={[Function]}
      isDisabled={false}
      key="DIAMONDS"
      level={6}
      suit="DIAMONDS"
    />
    <BidButton
      handleBidButtonClick={[Function]}
      isDisabled={false}
      key="HEARTS"
      level={6}
      suit="HEARTS"
    />
    <BidButton
      handleBidButtonClick={[Function]}
      isDisabled={false}
      key="SPADES"
      level={6}
      suit="SPADES"
    />
    <BidButton
      handleBidButtonClick={[Function]}
      isDisabled={false}
      key="NOTRUMPS"
      level={6}
      suit="NOTRUMPS"
    />
  </div>
  <div
    className="bid-button-row standard-suit-bid-button-row"
    key="7"
  >
    <BidButton
      handleBidButtonClick={[Function]}
      isDisabled={false}
      key="CLUBS"
      level={7}
      suit="CLUBS"
    />
    <BidButton
      handleBidButtonClick={[Function]}
      isDisabled={false}
      key="DIAMONDS"
      level={7}
      suit="DIAMONDS"
    />
    <BidButton
      handleBidButtonClick={[Function]}
      isDisabled={false}
      key="HEARTS"
      level={7}
      suit="HEARTS"
    />
    <BidButton
      handleBidButtonClick={[Function]}
      isDisabled={false}
      key="SPADES"
      level={7}
      suit="SPADES"
    />
    <BidButton
      handleBidButtonClick={[Function]}
      isDisabled={false}
      key="NOTRUMPS"
      level={7}
      suit="NOTRUMPS"
    />
  </div>
  <div
    className="bid-button-row special-bid-button-row"
  >
    <BidButton
      handleBidButtonClick={[Function]}
      isDisabled={false}
      level={0}
      suit="PASS"
    />
    <BidButton
      handleBidButtonClick={[Function]}
      isDisabled={true}
      level={0}
      suit="DOUBLE"
    />
    <BidButton
      handleBidButtonClick={[Function]}
      isDisabled={true}
      level={0}
      suit="REDOUBLE"
    />
  </div>
</div>
`;

exports[`BidButtonBlock render 2`] = `
<div
  className="bid-button-block"
>
  <div
    className="bid-button-row standard-suit-bid-button-row"
    key="1"
  >
    <BidButton
      handleBidButtonClick={[Function]}
      isDisabled={true}
      key="CLUBS"
      level={1}
      suit="CLUBS"
    />
    <BidButton
      handleBidButtonClick={[Function]}
      isDisabled={true}
      key="DIAMONDS"
      level={1}
      suit="DIAMONDS"
    />
    <BidButton
      handleBidButtonClick={[Function]}
      isDisabled={true}
      key="HEARTS"
      level={1}
      suit="HEARTS"
    />
    <BidButton
      handleBidButtonClick={[Function]}
      isDisabled={true}
      key="SPADES"
      level={1}
      suit="SPADES"
    />
    <BidButton
      handleBidButtonClick={[Function]}
      isDisabled={true}
      key="NOTRUMPS"
      level={1}
      suit="NOTRUMPS"
    />
  </div>
  <div
    className="bid-button-row standard-suit-bid-button-row"
    key="2"
  >
    <BidButton
      handleBidButtonClick={[Function]}
      isDisabled={true}
      key="CLUBS"
      level={2}
      suit="CLUBS"
    />
    <BidButton
      handleBidButtonClick={[Function]}
      isDisabled={true}
      key="DIAMONDS"
      level={2}
      suit="DIAMONDS"
    />
    <BidButton
      handleBidButtonClick={[Function]}
      isDisabled={true}
      key="HEARTS"
      level={2}
      suit="HEARTS"
    />
    <BidButton
      handleBidButtonClick={[Function]}
      isDisabled={true}
      key="SPADES"
      level={2}
      suit="SPADES"
    />
    <BidButton
      handleBidButtonClick={[Function]}
      isDisabled={true}
      key="NOTRUMPS"
      level={2}
      suit="NOTRUMPS"
    />
  </div>
  <div
    className="bid-button-row standard-suit-bid-button-row"
    key="3"
  >
    <BidButton
      handleBidButtonClick={[Function]}
      isDisabled={true}
      key="CLUBS"
      level={3}
      suit="CLUBS"
    />
    <BidButton
      handleBidButtonClick={[Function]}
      isDisabled={true}
      key="DIAMONDS"
      level={3}
      suit="DIAMONDS"
    />
    <BidButton
      handleBidButtonClick={[Function]}
      isDisabled={true}
      key="HEARTS"
      level={3}
      suit="HEARTS"
    />
    <BidButton
      handleBidButtonClick={[Function]}
      isDisabled={true}
      key="SPADES"
      level={3}
      suit="SPADES"
    />
    <BidButton
      handleBidButtonClick={[Function]}
      isDisabled={true}
      key="NOTRUMPS"
      level={3}
      suit="NOTRUMPS"
    />
  </div>
  <div
    className="bid-button-row standard-suit-bid-button-row"
    key="4"
  >
    <BidButton
      handleBidButtonClick={[Function]}
      isDisabled={false}
      key="CLUBS"
      level={4}
      suit="CLUBS"
    />
    <BidButton
      handleBidButtonClick={[Function]}
      isDisabled={false}
      key="DIAMONDS"
      level={4}
      suit="DIAMONDS"
    />
    <BidButton
      handleBidButtonClick={[Function]}
      isDisabled={false}
      key="HEARTS"
      level={4}
      suit="HEARTS"
    />
    <BidButton
      handleBidButtonClick={[Function]}
      isDisabled={false}
      key="SPADES"
      level={4}
      suit="SPADES"
    />
    <BidButton
      handleBidButtonClick={[Function]}
      isDisabled={false}
      key="NOTRUMPS"
      level={4}
      suit="NOTRUMPS"
    />
  </div>
  <div
    className="bid-button-row standard-suit-bid-button-row"
    key="5"
  >
    <BidButton
      handleBidButtonClick={[Function]}
      isDisabled={false}
      key="CLUBS"
      level={5}
      suit="CLUBS"
    />
    <BidButton
      handleBidButtonClick={[Function]}
      isDisabled={false}
      key="DIAMONDS"
      level={5}
      suit="DIAMONDS"
    />
    <BidButton
      handleBidButtonClick={[Function]}
      isDisabled={false}
      key="HEARTS"
      level={5}
      suit="HEARTS"
    />
    <BidButton
      handleBidButtonClick={[Function]}
      isDisabled={false}
      key="SPADES"
      level={5}
      suit="SPADES"
    />
    <BidButton
      handleBidButtonClick={[Function]}
      isDisabled={false}
      key="NOTRUMPS"
      level={5}
      suit="NOTRUMPS"
    />
  </div>
  <div
    className="bid-button-row standard-suit-bid-button-row"
    key="6"
  >
    <BidButton
      handleBidButtonClick={[Function]}
      isDisabled={false}
      key="CLUBS"
      level={6}
      suit="CLUBS"
    />
    <BidButton
      handleBidButtonClick={[Function]}
      isDisabled={false}
      key="DIAMONDS"
      level={6}
      suit="DIAMONDS"
    />
    <BidButton
      handleBidButtonClick={[Function]}
      isDisabled={false}
      key="HEARTS"
      level={6}
      suit="HEARTS"
    />
    <BidButton
      handleBidButtonClick={[Function]}
      isDisabled={false}
      key="SPADES"
      level={6}
      suit="SPADES"
    />
    <BidButton
      handleBidButtonClick={[Function]}
      isDisabled={false}
      key="NOTRUMPS"
      level={6}
      suit="NOTRUMPS"
    />
  </div>
  <div
    className="bid-button-row standard-suit-bid-button-row"
    key="7"
  >
    <BidButton
      handleBidButtonClick={[Function]}
      isDisabled={false}
      key="CLUBS"
      level={7}
      suit="CLUBS"
    />
    <BidButton
      handleBidButtonClick={[Function]}
      isDisabled={false}
      key="DIAMONDS"
      level={7}
      suit="DIAMONDS"
    />
    <BidButton
      handleBidButtonClick={[Function]}
      isDisabled={false}
      key="HEARTS"
      level={7}
      suit="HEARTS"
    />
    <BidButton
      handleBidButtonClick={[Function]}
      isDisabled={false}
      key="SPADES"
      level={7}
      suit="SPADES"
    />
    <BidButton
      handleBidButtonClick={[Function]}
      isDisabled={false}
      key="NOTRUMPS"
      level={7}
      suit="NOTRUMPS"
    />
  </div>
  <div
    className="bid-button-row special-bid-button-row"
  >
    <BidButton
      handleBidButtonClick={[Function]}
      isDisabled={false}
      level={0}
      suit="PASS"
    />
    <BidButton
      handleBidButtonClick={[Function]}
      isDisabled={false}
      level={0}
      suit="DOUBLE"
    />
    <BidButton
      handleBidButtonClick={[Function]}
      isDisabled={true}
      level={0}
      suit="REDOUBLE"
    />
  </div>
</div>
`;

exports[`BidButtonBlock render 3`] = `
<div
  className="bid-button-block"
>
  <div
    className="bid-button-row standard-suit-bid-button-row"
    key="1"
  >
    <BidButton
      handleBidButtonClick={[Function]}
      isDisabled={true}
      key="CLUBS"
      level={1}
      suit="CLUBS"
    />
    <BidButton
      handleBidButtonClick={[Function]}
      isDisabled={true}
      key="DIAMONDS"
      level={1}
      suit="DIAMONDS"
    />
    <BidButton
      handleBidButtonClick={[Function]}
      isDisabled={true}
      key="HEARTS"
      level={1}
      suit="HEARTS"
    />
    <BidButton
      handleBidButtonClick={[Function]}
      isDisabled={true}
      key="SPADES"
      level={1}
      suit="SPADES"
    />
    <BidButton
      handleBidButtonClick={[Function]}
      isDisabled={true}
      key="NOTRUMPS"
      level={1}
      suit="NOTRUMPS"
    />
  </div>
  <div
    className="bid-button-row standard-suit-bid-button-row"
    key="2"
  >
    <BidButton
      handleBidButtonClick={[Function]}
      isDisabled={true}
      key="CLUBS"
      level={2}
      suit="CLUBS"
    />
    <BidButton
      handleBidButtonClick={[Function]}
      isDisabled={true}
      key="DIAMONDS"
      level={2}
      suit="DIAMONDS"
    />
    <BidButton
      handleBidButtonClick={[Function]}
      isDisabled={true}
      key="HEARTS"
      level={2}
      suit="HEARTS"
    />
    <BidButton
      handleBidButtonClick={[Function]}
      isDisabled={true}
      key="SPADES"
      level={2}
      suit="SPADES"
    />
    <BidButton
      handleBidButtonClick={[Function]}
      isDisabled={true}
      key="NOTRUMPS"
      level={2}
      suit="NOTRUMPS"
    />
  </div>
  <div
    className="bid-button-row standard-suit-bid-button-row"
    key="3"
  >
    <BidButton
      handleBidButtonClick={[Function]}
      isDisabled={true}
      key="CLUBS"
      level={3}
      suit="CLUBS"
    />
    <BidButton
      handleBidButtonClick={[Function]}
      isDisabled={true}
      key="DIAMONDS"
      level={3}
      suit="DIAMONDS"
    />
    <BidButton
      handleBidButtonClick={[Function]}
      isDisabled={true}
      key="HEARTS"
      level={3}
      suit="HEARTS"
    />
    <BidButton
      handleBidButtonClick={[Function]}
      isDisabled={true}
      key="SPADES"
      level={3}
      suit="SPADES"
    />
    <BidButton
      handleBidButtonClick={[Function]}
      isDisabled={true}
      key="NOTRUMPS"
      level={3}
      suit="NOTRUMPS"
    />
  </div>
  <div
    className="bid-button-row standard-suit-bid-button-row"
    key="4"
  >
    <BidButton
      handleBidButtonClick={[Function]}
      isDisabled={true}
      key="CLUBS"
      level={4}
      suit="CLUBS"
    />
    <BidButton
      handleBidButtonClick={[Function]}
      isDisabled={true}
      key="DIAMONDS"
      level={4}
      suit="DIAMONDS"
    />
    <BidButton
      handleBidButtonClick={[Function]}
      isDisabled={true}
      key="HEARTS"
      level={4}
      suit="HEARTS"
    />
    <BidButton
      handleBidButtonClick={[Function]}
      isDisabled={true}
      key="SPADES"
      level={4}
      suit="SPADES"
    />
    <BidButton
      handleBidButtonClick={[Function]}
      isDisabled={true}
      key="NOTRUMPS"
      level={4}
      suit="NOTRUMPS"
    />
  </div>
  <div
    className="bid-button-row standard-suit-bid-button-row"
    key="5"
  >
    <BidButton
      handleBidButtonClick={[Function]}
      isDisabled={true}
      key="CLUBS"
      level={5}
      suit="CLUBS"
    />
    <BidButton
      handleBidButtonClick={[Function]}
      isDisabled={true}
      key="DIAMONDS"
      level={5}
      suit="DIAMONDS"
    />
    <BidButton
      handleBidButtonClick={[Function]}
      isDisabled={true}
      key="HEARTS"
      level={5}
      suit="HEARTS"
    />
    <BidButton
      handleBidButtonClick={[Function]}
      isDisabled={true}
      key="SPADES"
      level={5}
      suit="SPADES"
    />
    <BidButton
      handleBidButtonClick={[Function]}
      isDisabled={true}
      key="NOTRUMPS"
      level={5}
      suit="NOTRUMPS"
    />
  </div>
  <div
    className="bid-button-row standard-suit-bid-button-row"
    key="6"
  >
    <BidButton
      handleBidButtonClick={[Function]}
      isDisabled={true}
      key="CLUBS"
      level={6}
      suit="CLUBS"
    />
    <BidButton
      handleBidButtonClick={[Function]}
      isDisabled={true}
      key="DIAMONDS"
      level={6}
      suit="DIAMONDS"
    />
    <BidButton
      handleBidButtonClick={[Function]}
      isDisabled={true}
      key="HEARTS"
      level={6}
      suit="HEARTS"
    />
    <BidButton
      handleBidButtonClick={[Function]}
      isDisabled={true}
      key="SPADES"
      level={6}
      suit="SPADES"
    />
    <BidButton
      handleBidButtonClick={[Function]}
      isDisabled={true}
      key="NOTRUMPS"
      level={6}
      suit="NOTRUMPS"
    />
  </div>
  <div
    className="bid-button-row standard-suit-bid-button-row"
    key="7"
  >
    <BidButton
      handleBidButtonClick={[Function]}
      isDisabled={true}
      key="CLUBS"
      level={7}
      suit="CLUBS"
    />
    <BidButton
      handleBidButtonClick={[Function]}
      isDisabled={true}
      key="DIAMONDS"
      level={7}
      suit="DIAMONDS"
    />
    <BidButton
      handleBidButtonClick={[Function]}
      isDisabled={true}
      key="HEARTS"
      level={7}
      suit="HEARTS"
    />
    <BidButton
      handleBidButtonClick={[Function]}
      isDisabled={false}
      key="SPADES"
      level={7}
      suit="SPADES"
    />
    <BidButton
      handleBidButtonClick={[Function]}
      isDisabled={false}
      key="NOTRUMPS"
      level={7}
      suit="NOTRUMPS"
    />
  </div>
  <div
    className="bid-button-row special-bid-button-row"
  >
    <BidButton
      handleBidButtonClick={[Function]}
      isDisabled={false}
      level={0}
      suit="PASS"
    />
    <BidButton
      handleBidButtonClick={[Function]}
      isDisabled={true}
      level={0}
      suit="DOUBLE"
    />
    <BidButton
      handleBidButtonClick={[Function]}
      isDisabled={false}
      level={0}
      suit="REDOUBLE"
    />
  </div>
</div>
`;
