// Jest Snapshot v1, https://goo.gl/fbAQLP

exports[`HandCardsCell render seat: EAST, playerRole: EAST, playerId: ,
              playerHand: [object Object], bidSeqIsEnded: false 1`] = `
<Segment
  className="hand-cards-display-cell"
>
  <Button
    as="button"
    onClick={[Function]}
  >
    Click to sit EAST
  </Button>
  <Divider />
  <div
    className="card-cell"
  >
    <div
      className="card-cell-content"
    >
      <div>
        <span
          style={
            Object {
              "color": "blue",
            }
          }
        >
           
          ♠
           
        </span>
        <span>
           
          AKQ
           
        </span>
      </div>
      <div>
        <span
          style={
            Object {
              "color": "red",
            }
          }
        >
           
          ♥
           
        </span>
        <span>
           
          AKQJT98
           
        </span>
      </div>
      <div>
        <span
          style={
            Object {
              "color": "orange",
            }
          }
        >
           
          ♦
           
        </span>
        <span>
           
          432
           
        </span>
      </div>
      <div>
        <span
          style={
            Object {
              "color": "green",
            }
          }
        >
           
          ♣
           
        </span>
        <span>
           
           
        </span>
      </div>
    </div>
  </div>
</Segment>
`;

exports[`HandCardsCell render seat: EAST, playerRole: EAST, playerId: ,
              playerHand: [object Object], bidSeqIsEnded: true 1`] = `
<Segment
  className="hand-cards-display-cell"
>
  <Button
    as="button"
    onClick={[Function]}
  >
    Click to sit EAST
  </Button>
  <Divider />
  <div
    className="card-cell"
  >
    <div
      className="card-cell-content"
    >
      <div>
        <span
          style={
            Object {
              "color": "blue",
            }
          }
        >
           
          ♠
           
        </span>
        <span>
           
          AKQ
           
        </span>
      </div>
      <div>
        <span
          style={
            Object {
              "color": "red",
            }
          }
        >
           
          ♥
           
        </span>
        <span>
           
          AKQJT98
           
        </span>
      </div>
      <div>
        <span
          style={
            Object {
              "color": "orange",
            }
          }
        >
           
          ♦
           
        </span>
        <span>
           
          432
           
        </span>
      </div>
      <div>
        <span
          style={
            Object {
              "color": "green",
            }
          }
        >
           
          ♣
           
        </span>
        <span>
           
           
        </span>
      </div>
    </div>
  </div>
</Segment>
`;

exports[`HandCardsCell render seat: EAST, playerRole: EAST, playerId: ,
              playerHand: null, bidSeqIsEnded: false 1`] = `
<Segment
  className="hand-cards-display-cell"
>
  <Button
    as="button"
    onClick={[Function]}
  >
    Click to sit EAST
  </Button>
  <Divider />
  <div
    className="card-cell"
  />
</Segment>
`;

exports[`HandCardsCell render seat: EAST, playerRole: EAST, playerId: ,
              playerHand: null, bidSeqIsEnded: true 1`] = `
<Segment
  className="hand-cards-display-cell"
>
  <Button
    as="button"
    onClick={[Function]}
  >
    Click to sit EAST
  </Button>
  <Divider />
  <div
    className="card-cell"
  />
</Segment>
`;

exports[`HandCardsCell render seat: EAST, playerRole: EAST, playerId: testId,
              playerHand: [object Object], bidSeqIsEnded: false 1`] = `
<Segment
  className="hand-cards-display-cell"
>
  <div
    className="id-cell"
  >
    testId
  </div>
  <Divider />
  <div
    className="card-cell"
  >
    <div
      className="card-cell-content"
    >
      <div>
        <span
          style={
            Object {
              "color": "blue",
            }
          }
        >
           
          ♠
           
        </span>
        <span>
           
          AKQ
           
        </span>
      </div>
      <div>
        <span
          style={
            Object {
              "color": "red",
            }
          }
        >
           
          ♥
           
        </span>
        <span>
           
          AKQJT98
           
        </span>
      </div>
      <div>
        <span
          style={
            Object {
              "color": "orange",
            }
          }
        >
           
          ♦
           
        </span>
        <span>
           
          432
           
        </span>
      </div>
      <div>
        <span
          style={
            Object {
              "color": "green",
            }
          }
        >
           
          ♣
           
        </span>
        <span>
           
           
        </span>
      </div>
    </div>
  </div>
</Segment>
`;

exports[`HandCardsCell render seat: EAST, playerRole: EAST, playerId: testId,
              playerHand: [object Object], bidSeqIsEnded: true 1`] = `
<Segment
  className="hand-cards-display-cell"
>
  <div
    className="id-cell"
  >
    testId
  </div>
  <Divider />
  <div
    className="card-cell"
  >
    <div
      className="card-cell-content"
    >
      <div>
        <span
          style={
            Object {
              "color": "blue",
            }
          }
        >
           
          ♠
           
        </span>
        <span>
           
          AKQ
           
        </span>
      </div>
      <div>
        <span
          style={
            Object {
              "color": "red",
            }
          }
        >
           
          ♥
           
        </span>
        <span>
           
          AKQJT98
           
        </span>
      </div>
      <div>
        <span
          style={
            Object {
              "color": "orange",
            }
          }
        >
           
          ♦
           
        </span>
        <span>
           
          432
           
        </span>
      </div>
      <div>
        <span
          style={
            Object {
              "color": "green",
            }
          }
        >
           
          ♣
           
        </span>
        <span>
           
           
        </span>
      </div>
    </div>
  </div>
</Segment>
`;

exports[`HandCardsCell render seat: EAST, playerRole: EAST, playerId: testId,
              playerHand: null, bidSeqIsEnded: false 1`] = `
<Segment
  className="hand-cards-display-cell"
>
  <div
    className="id-cell"
  >
    testId
  </div>
  <Divider />
  <div
    className="card-cell"
  />
</Segment>
`;

exports[`HandCardsCell render seat: EAST, playerRole: EAST, playerId: testId,
              playerHand: null, bidSeqIsEnded: true 1`] = `
<Segment
  className="hand-cards-display-cell"
>
  <div
    className="id-cell"
  >
    testId
  </div>
  <Divider />
  <div
    className="card-cell"
  />
</Segment>
`;

exports[`HandCardsCell render seat: EAST, playerRole: WATCHER, playerId: ,
              playerHand: [object Object], bidSeqIsEnded: false 1`] = `
<Segment
  className="hand-cards-display-cell"
>
  <Button
    as="button"
    onClick={[Function]}
  >
    Click to sit EAST
  </Button>
  <Divider />
  <div
    className="card-cell"
  />
</Segment>
`;

exports[`HandCardsCell render seat: EAST, playerRole: WATCHER, playerId: ,
              playerHand: [object Object], bidSeqIsEnded: true 1`] = `
<Segment
  className="hand-cards-display-cell"
>
  <Button
    as="button"
    onClick={[Function]}
  >
    Click to sit EAST
  </Button>
  <Divider />
  <div
    className="card-cell"
  >
    <div
      className="card-cell-content"
    >
      <div>
        <span
          style={
            Object {
              "color": "blue",
            }
          }
        >
           
          ♠
           
        </span>
        <span>
           
          AKQ
           
        </span>
      </div>
      <div>
        <span
          style={
            Object {
              "color": "red",
            }
          }
        >
           
          ♥
           
        </span>
        <span>
           
          AKQJT98
           
        </span>
      </div>
      <div>
        <span
          style={
            Object {
              "color": "orange",
            }
          }
        >
           
          ♦
           
        </span>
        <span>
           
          432
           
        </span>
      </div>
      <div>
        <span
          style={
            Object {
              "color": "green",
            }
          }
        >
           
          ♣
           
        </span>
        <span>
           
           
        </span>
      </div>
    </div>
  </div>
</Segment>
`;

exports[`HandCardsCell render seat: EAST, playerRole: WATCHER, playerId: ,
              playerHand: null, bidSeqIsEnded: false 1`] = `
<Segment
  className="hand-cards-display-cell"
>
  <Button
    as="button"
    onClick={[Function]}
  >
    Click to sit EAST
  </Button>
  <Divider />
  <div
    className="card-cell"
  />
</Segment>
`;

exports[`HandCardsCell render seat: EAST, playerRole: WATCHER, playerId: ,
              playerHand: null, bidSeqIsEnded: true 1`] = `
<Segment
  className="hand-cards-display-cell"
>
  <Button
    as="button"
    onClick={[Function]}
  >
    Click to sit EAST
  </Button>
  <Divider />
  <div
    className="card-cell"
  />
</Segment>
`;

exports[`HandCardsCell render seat: EAST, playerRole: WATCHER, playerId: testId,
              playerHand: [object Object], bidSeqIsEnded: false 1`] = `
<Segment
  className="hand-cards-display-cell"
>
  <div
    className="id-cell"
  >
    testId
  </div>
  <Divider />
  <div
    className="card-cell"
  />
</Segment>
`;

exports[`HandCardsCell render seat: EAST, playerRole: WATCHER, playerId: testId,
              playerHand: [object Object], bidSeqIsEnded: true 1`] = `
<Segment
  className="hand-cards-display-cell"
>
  <div
    className="id-cell"
  >
    testId
  </div>
  <Divider />
  <div
    className="card-cell"
  >
    <div
      className="card-cell-content"
    >
      <div>
        <span
          style={
            Object {
              "color": "blue",
            }
          }
        >
           
          ♠
           
        </span>
        <span>
           
          AKQ
           
        </span>
      </div>
      <div>
        <span
          style={
            Object {
              "color": "red",
            }
          }
        >
           
          ♥
           
        </span>
        <span>
           
          AKQJT98
           
        </span>
      </div>
      <div>
        <span
          style={
            Object {
              "color": "orange",
            }
          }
        >
           
          ♦
           
        </span>
        <span>
           
          432
           
        </span>
      </div>
      <div>
        <span
          style={
            Object {
              "color": "green",
            }
          }
        >
           
          ♣
           
        </span>
        <span>
           
           
        </span>
      </div>
    </div>
  </div>
</Segment>
`;

exports[`HandCardsCell render seat: EAST, playerRole: WATCHER, playerId: testId,
              playerHand: null, bidSeqIsEnded: false 1`] = `
<Segment
  className="hand-cards-display-cell"
>
  <div
    className="id-cell"
  >
    testId
  </div>
  <Divider />
  <div
    className="card-cell"
  />
</Segment>
`;

exports[`HandCardsCell render seat: EAST, playerRole: WATCHER, playerId: testId,
              playerHand: null, bidSeqIsEnded: true 1`] = `
<Segment
  className="hand-cards-display-cell"
>
  <div
    className="id-cell"
  >
    testId
  </div>
  <Divider />
  <div
    className="card-cell"
  />
</Segment>
`;

exports[`HandCardsCell render seat: EAST, playerRole: WEST, playerId: ,
              playerHand: [object Object], bidSeqIsEnded: false 1`] = `
<Segment
  className="hand-cards-display-cell"
>
  <Button
    as="button"
    onClick={[Function]}
  >
    Click to sit EAST
  </Button>
  <Divider />
  <div
    className="card-cell"
  />
</Segment>
`;

exports[`HandCardsCell render seat: EAST, playerRole: WEST, playerId: ,
              playerHand: [object Object], bidSeqIsEnded: true 1`] = `
<Segment
  className="hand-cards-display-cell"
>
  <Button
    as="button"
    onClick={[Function]}
  >
    Click to sit EAST
  </Button>
  <Divider />
  <div
    className="card-cell"
  >
    <div
      className="card-cell-content"
    >
      <div>
        <span
          style={
            Object {
              "color": "blue",
            }
          }
        >
           
          ♠
           
        </span>
        <span>
           
          AKQ
           
        </span>
      </div>
      <div>
        <span
          style={
            Object {
              "color": "red",
            }
          }
        >
           
          ♥
           
        </span>
        <span>
           
          AKQJT98
           
        </span>
      </div>
      <div>
        <span
          style={
            Object {
              "color": "orange",
            }
          }
        >
           
          ♦
           
        </span>
        <span>
           
          432
           
        </span>
      </div>
      <div>
        <span
          style={
            Object {
              "color": "green",
            }
          }
        >
           
          ♣
           
        </span>
        <span>
           
           
        </span>
      </div>
    </div>
  </div>
</Segment>
`;

exports[`HandCardsCell render seat: EAST, playerRole: WEST, playerId: ,
              playerHand: null, bidSeqIsEnded: false 1`] = `
<Segment
  className="hand-cards-display-cell"
>
  <Button
    as="button"
    onClick={[Function]}
  >
    Click to sit EAST
  </Button>
  <Divider />
  <div
    className="card-cell"
  />
</Segment>
`;

exports[`HandCardsCell render seat: EAST, playerRole: WEST, playerId: ,
              playerHand: null, bidSeqIsEnded: true 1`] = `
<Segment
  className="hand-cards-display-cell"
>
  <Button
    as="button"
    onClick={[Function]}
  >
    Click to sit EAST
  </Button>
  <Divider />
  <div
    className="card-cell"
  />
</Segment>
`;

exports[`HandCardsCell render seat: EAST, playerRole: WEST, playerId: testId,
              playerHand: [object Object], bidSeqIsEnded: false 1`] = `
<Segment
  className="hand-cards-display-cell"
>
  <div
    className="id-cell"
  >
    testId
  </div>
  <Divider />
  <div
    className="card-cell"
  />
</Segment>
`;

exports[`HandCardsCell render seat: EAST, playerRole: WEST, playerId: testId,
              playerHand: [object Object], bidSeqIsEnded: true 1`] = `
<Segment
  className="hand-cards-display-cell"
>
  <div
    className="id-cell"
  >
    testId
  </div>
  <Divider />
  <div
    className="card-cell"
  >
    <div
      className="card-cell-content"
    >
      <div>
        <span
          style={
            Object {
              "color": "blue",
            }
          }
        >
           
          ♠
           
        </span>
        <span>
           
          AKQ
           
        </span>
      </div>
      <div>
        <span
          style={
            Object {
              "color": "red",
            }
          }
        >
           
          ♥
           
        </span>
        <span>
           
          AKQJT98
           
        </span>
      </div>
      <div>
        <span
          style={
            Object {
              "color": "orange",
            }
          }
        >
           
          ♦
           
        </span>
        <span>
           
          432
           
        </span>
      </div>
      <div>
        <span
          style={
            Object {
              "color": "green",
            }
          }
        >
           
          ♣
           
        </span>
        <span>
           
           
        </span>
      </div>
    </div>
  </div>
</Segment>
`;

exports[`HandCardsCell render seat: EAST, playerRole: WEST, playerId: testId,
              playerHand: null, bidSeqIsEnded: false 1`] = `
<Segment
  className="hand-cards-display-cell"
>
  <div
    className="id-cell"
  >
    testId
  </div>
  <Divider />
  <div
    className="card-cell"
  />
</Segment>
`;

exports[`HandCardsCell render seat: EAST, playerRole: WEST, playerId: testId,
              playerHand: null, bidSeqIsEnded: true 1`] = `
<Segment
  className="hand-cards-display-cell"
>
  <div
    className="id-cell"
  >
    testId
  </div>
  <Divider />
  <div
    className="card-cell"
  />
</Segment>
`;

exports[`HandCardsCell render seat: WEST, playerRole: EAST, playerId: ,
              playerHand: [object Object], bidSeqIsEnded: false 1`] = `
<Segment
  className="hand-cards-display-cell"
>
  <Button
    as="button"
    onClick={[Function]}
  >
    Click to sit WEST
  </Button>
  <Divider />
  <div
    className="card-cell"
  />
</Segment>
`;

exports[`HandCardsCell render seat: WEST, playerRole: EAST, playerId: ,
              playerHand: [object Object], bidSeqIsEnded: true 1`] = `
<Segment
  className="hand-cards-display-cell"
>
  <Button
    as="button"
    onClick={[Function]}
  >
    Click to sit WEST
  </Button>
  <Divider />
  <div
    className="card-cell"
  >
    <div
      className="card-cell-content"
    >
      <div>
        <span
          style={
            Object {
              "color": "blue",
            }
          }
        >
           
          ♠
           
        </span>
        <span>
           
          AKQ
           
        </span>
      </div>
      <div>
        <span
          style={
            Object {
              "color": "red",
            }
          }
        >
           
          ♥
           
        </span>
        <span>
           
          AKQJT98
           
        </span>
      </div>
      <div>
        <span
          style={
            Object {
              "color": "orange",
            }
          }
        >
           
          ♦
           
        </span>
        <span>
           
          432
           
        </span>
      </div>
      <div>
        <span
          style={
            Object {
              "color": "green",
            }
          }
        >
           
          ♣
           
        </span>
        <span>
           
           
        </span>
      </div>
    </div>
  </div>
</Segment>
`;

exports[`HandCardsCell render seat: WEST, playerRole: EAST, playerId: ,
              playerHand: null, bidSeqIsEnded: false 1`] = `
<Segment
  className="hand-cards-display-cell"
>
  <Button
    as="button"
    onClick={[Function]}
  >
    Click to sit WEST
  </Button>
  <Divider />
  <div
    className="card-cell"
  />
</Segment>
`;

exports[`HandCardsCell render seat: WEST, playerRole: EAST, playerId: ,
              playerHand: null, bidSeqIsEnded: true 1`] = `
<Segment
  className="hand-cards-display-cell"
>
  <Button
    as="button"
    onClick={[Function]}
  >
    Click to sit WEST
  </Button>
  <Divider />
  <div
    className="card-cell"
  />
</Segment>
`;

exports[`HandCardsCell render seat: WEST, playerRole: EAST, playerId: testId,
              playerHand: [object Object], bidSeqIsEnded: false 1`] = `
<Segment
  className="hand-cards-display-cell"
>
  <div
    className="id-cell"
  >
    testId
  </div>
  <Divider />
  <div
    className="card-cell"
  />
</Segment>
`;

exports[`HandCardsCell render seat: WEST, playerRole: EAST, playerId: testId,
              playerHand: [object Object], bidSeqIsEnded: true 1`] = `
<Segment
  className="hand-cards-display-cell"
>
  <div
    className="id-cell"
  >
    testId
  </div>
  <Divider />
  <div
    className="card-cell"
  >
    <div
      className="card-cell-content"
    >
      <div>
        <span
          style={
            Object {
              "color": "blue",
            }
          }
        >
           
          ♠
           
        </span>
        <span>
           
          AKQ
           
        </span>
      </div>
      <div>
        <span
          style={
            Object {
              "color": "red",
            }
          }
        >
           
          ♥
           
        </span>
        <span>
           
          AKQJT98
           
        </span>
      </div>
      <div>
        <span
          style={
            Object {
              "color": "orange",
            }
          }
        >
           
          ♦
           
        </span>
        <span>
           
          432
           
        </span>
      </div>
      <div>
        <span
          style={
            Object {
              "color": "green",
            }
          }
        >
           
          ♣
           
        </span>
        <span>
           
           
        </span>
      </div>
    </div>
  </div>
</Segment>
`;

exports[`HandCardsCell render seat: WEST, playerRole: EAST, playerId: testId,
              playerHand: null, bidSeqIsEnded: false 1`] = `
<Segment
  className="hand-cards-display-cell"
>
  <div
    className="id-cell"
  >
    testId
  </div>
  <Divider />
  <div
    className="card-cell"
  />
</Segment>
`;

exports[`HandCardsCell render seat: WEST, playerRole: EAST, playerId: testId,
              playerHand: null, bidSeqIsEnded: true 1`] = `
<Segment
  className="hand-cards-display-cell"
>
  <div
    className="id-cell"
  >
    testId
  </div>
  <Divider />
  <div
    className="card-cell"
  />
</Segment>
`;

exports[`HandCardsCell render seat: WEST, playerRole: WATCHER, playerId: ,
              playerHand: [object Object], bidSeqIsEnded: false 1`] = `
<Segment
  className="hand-cards-display-cell"
>
  <Button
    as="button"
    onClick={[Function]}
  >
    Click to sit WEST
  </Button>
  <Divider />
  <div
    className="card-cell"
  />
</Segment>
`;

exports[`HandCardsCell render seat: WEST, playerRole: WATCHER, playerId: ,
              playerHand: [object Object], bidSeqIsEnded: true 1`] = `
<Segment
  className="hand-cards-display-cell"
>
  <Button
    as="button"
    onClick={[Function]}
  >
    Click to sit WEST
  </Button>
  <Divider />
  <div
    className="card-cell"
  >
    <div
      className="card-cell-content"
    >
      <div>
        <span
          style={
            Object {
              "color": "blue",
            }
          }
        >
           
          ♠
           
        </span>
        <span>
           
          AKQ
           
        </span>
      </div>
      <div>
        <span
          style={
            Object {
              "color": "red",
            }
          }
        >
           
          ♥
           
        </span>
        <span>
           
          AKQJT98
           
        </span>
      </div>
      <div>
        <span
          style={
            Object {
              "color": "orange",
            }
          }
        >
           
          ♦
           
        </span>
        <span>
           
          432
           
        </span>
      </div>
      <div>
        <span
          style={
            Object {
              "color": "green",
            }
          }
        >
           
          ♣
           
        </span>
        <span>
           
           
        </span>
      </div>
    </div>
  </div>
</Segment>
`;

exports[`HandCardsCell render seat: WEST, playerRole: WATCHER, playerId: ,
              playerHand: null, bidSeqIsEnded: false 1`] = `
<Segment
  className="hand-cards-display-cell"
>
  <Button
    as="button"
    onClick={[Function]}
  >
    Click to sit WEST
  </Button>
  <Divider />
  <div
    className="card-cell"
  />
</Segment>
`;

exports[`HandCardsCell render seat: WEST, playerRole: WATCHER, playerId: ,
              playerHand: null, bidSeqIsEnded: true 1`] = `
<Segment
  className="hand-cards-display-cell"
>
  <Button
    as="button"
    onClick={[Function]}
  >
    Click to sit WEST
  </Button>
  <Divider />
  <div
    className="card-cell"
  />
</Segment>
`;

exports[`HandCardsCell render seat: WEST, playerRole: WATCHER, playerId: testId,
              playerHand: [object Object], bidSeqIsEnded: false 1`] = `
<Segment
  className="hand-cards-display-cell"
>
  <div
    className="id-cell"
  >
    testId
  </div>
  <Divider />
  <div
    className="card-cell"
  />
</Segment>
`;

exports[`HandCardsCell render seat: WEST, playerRole: WATCHER, playerId: testId,
              playerHand: [object Object], bidSeqIsEnded: true 1`] = `
<Segment
  className="hand-cards-display-cell"
>
  <div
    className="id-cell"
  >
    testId
  </div>
  <Divider />
  <div
    className="card-cell"
  >
    <div
      className="card-cell-content"
    >
      <div>
        <span
          style={
            Object {
              "color": "blue",
            }
          }
        >
           
          ♠
           
        </span>
        <span>
           
          AKQ
           
        </span>
      </div>
      <div>
        <span
          style={
            Object {
              "color": "red",
            }
          }
        >
           
          ♥
           
        </span>
        <span>
           
          AKQJT98
           
        </span>
      </div>
      <div>
        <span
          style={
            Object {
              "color": "orange",
            }
          }
        >
           
          ♦
           
        </span>
        <span>
           
          432
           
        </span>
      </div>
      <div>
        <span
          style={
            Object {
              "color": "green",
            }
          }
        >
           
          ♣
           
        </span>
        <span>
           
           
        </span>
      </div>
    </div>
  </div>
</Segment>
`;

exports[`HandCardsCell render seat: WEST, playerRole: WATCHER, playerId: testId,
              playerHand: null, bidSeqIsEnded: false 1`] = `
<Segment
  className="hand-cards-display-cell"
>
  <div
    className="id-cell"
  >
    testId
  </div>
  <Divider />
  <div
    className="card-cell"
  />
</Segment>
`;

exports[`HandCardsCell render seat: WEST, playerRole: WATCHER, playerId: testId,
              playerHand: null, bidSeqIsEnded: true 1`] = `
<Segment
  className="hand-cards-display-cell"
>
  <div
    className="id-cell"
  >
    testId
  </div>
  <Divider />
  <div
    className="card-cell"
  />
</Segment>
`;

exports[`HandCardsCell render seat: WEST, playerRole: WEST, playerId: ,
              playerHand: [object Object], bidSeqIsEnded: false 1`] = `
<Segment
  className="hand-cards-display-cell"
>
  <Button
    as="button"
    onClick={[Function]}
  >
    Click to sit WEST
  </Button>
  <Divider />
  <div
    className="card-cell"
  >
    <div
      className="card-cell-content"
    >
      <div>
        <span
          style={
            Object {
              "color": "blue",
            }
          }
        >
           
          ♠
           
        </span>
        <span>
           
          AKQ
           
        </span>
      </div>
      <div>
        <span
          style={
            Object {
              "color": "red",
            }
          }
        >
           
          ♥
           
        </span>
        <span>
           
          AKQJT98
           
        </span>
      </div>
      <div>
        <span
          style={
            Object {
              "color": "orange",
            }
          }
        >
           
          ♦
           
        </span>
        <span>
           
          432
           
        </span>
      </div>
      <div>
        <span
          style={
            Object {
              "color": "green",
            }
          }
        >
           
          ♣
           
        </span>
        <span>
           
           
        </span>
      </div>
    </div>
  </div>
</Segment>
`;

exports[`HandCardsCell render seat: WEST, playerRole: WEST, playerId: ,
              playerHand: [object Object], bidSeqIsEnded: true 1`] = `
<Segment
  className="hand-cards-display-cell"
>
  <Button
    as="button"
    onClick={[Function]}
  >
    Click to sit WEST
  </Button>
  <Divider />
  <div
    className="card-cell"
  >
    <div
      className="card-cell-content"
    >
      <div>
        <span
          style={
            Object {
              "color": "blue",
            }
          }
        >
           
          ♠
           
        </span>
        <span>
           
          AKQ
           
        </span>
      </div>
      <div>
        <span
          style={
            Object {
              "color": "red",
            }
          }
        >
           
          ♥
           
        </span>
        <span>
           
          AKQJT98
           
        </span>
      </div>
      <div>
        <span
          style={
            Object {
              "color": "orange",
            }
          }
        >
           
          ♦
           
        </span>
        <span>
           
          432
           
        </span>
      </div>
      <div>
        <span
          style={
            Object {
              "color": "green",
            }
          }
        >
           
          ♣
           
        </span>
        <span>
           
           
        </span>
      </div>
    </div>
  </div>
</Segment>
`;

exports[`HandCardsCell render seat: WEST, playerRole: WEST, playerId: ,
              playerHand: null, bidSeqIsEnded: false 1`] = `
<Segment
  className="hand-cards-display-cell"
>
  <Button
    as="button"
    onClick={[Function]}
  >
    Click to sit WEST
  </Button>
  <Divider />
  <div
    className="card-cell"
  />
</Segment>
`;

exports[`HandCardsCell render seat: WEST, playerRole: WEST, playerId: ,
              playerHand: null, bidSeqIsEnded: true 1`] = `
<Segment
  className="hand-cards-display-cell"
>
  <Button
    as="button"
    onClick={[Function]}
  >
    Click to sit WEST
  </Button>
  <Divider />
  <div
    className="card-cell"
  />
</Segment>
`;

exports[`HandCardsCell render seat: WEST, playerRole: WEST, playerId: testId,
              playerHand: [object Object], bidSeqIsEnded: false 1`] = `
<Segment
  className="hand-cards-display-cell"
>
  <div
    className="id-cell"
  >
    testId
  </div>
  <Divider />
  <div
    className="card-cell"
  >
    <div
      className="card-cell-content"
    >
      <div>
        <span
          style={
            Object {
              "color": "blue",
            }
          }
        >
           
          ♠
           
        </span>
        <span>
           
          AKQ
           
        </span>
      </div>
      <div>
        <span
          style={
            Object {
              "color": "red",
            }
          }
        >
           
          ♥
           
        </span>
        <span>
           
          AKQJT98
           
        </span>
      </div>
      <div>
        <span
          style={
            Object {
              "color": "orange",
            }
          }
        >
           
          ♦
           
        </span>
        <span>
           
          432
           
        </span>
      </div>
      <div>
        <span
          style={
            Object {
              "color": "green",
            }
          }
        >
           
          ♣
           
        </span>
        <span>
           
           
        </span>
      </div>
    </div>
  </div>
</Segment>
`;

exports[`HandCardsCell render seat: WEST, playerRole: WEST, playerId: testId,
              playerHand: [object Object], bidSeqIsEnded: true 1`] = `
<Segment
  className="hand-cards-display-cell"
>
  <div
    className="id-cell"
  >
    testId
  </div>
  <Divider />
  <div
    className="card-cell"
  >
    <div
      className="card-cell-content"
    >
      <div>
        <span
          style={
            Object {
              "color": "blue",
            }
          }
        >
           
          ♠
           
        </span>
        <span>
           
          AKQ
           
        </span>
      </div>
      <div>
        <span
          style={
            Object {
              "color": "red",
            }
          }
        >
           
          ♥
           
        </span>
        <span>
           
          AKQJT98
           
        </span>
      </div>
      <div>
        <span
          style={
            Object {
              "color": "orange",
            }
          }
        >
           
          ♦
           
        </span>
        <span>
           
          432
           
        </span>
      </div>
      <div>
        <span
          style={
            Object {
              "color": "green",
            }
          }
        >
           
          ♣
           
        </span>
        <span>
           
           
        </span>
      </div>
    </div>
  </div>
</Segment>
`;

exports[`HandCardsCell render seat: WEST, playerRole: WEST, playerId: testId,
              playerHand: null, bidSeqIsEnded: false 1`] = `
<Segment
  className="hand-cards-display-cell"
>
  <div
    className="id-cell"
  >
    testId
  </div>
  <Divider />
  <div
    className="card-cell"
  />
</Segment>
`;

exports[`HandCardsCell render seat: WEST, playerRole: WEST, playerId: testId,
              playerHand: null, bidSeqIsEnded: true 1`] = `
<Segment
  className="hand-cards-display-cell"
>
  <div
    className="id-cell"
  >
    testId
  </div>
  <Divider />
  <div
    className="card-cell"
  />
</Segment>
`;
